73
2 3 4 5 6 8 9 10 11 12 13 14 16 18 21 23 24 25 26 28 29 30 31 32 36 37 41 43 44 45 46 48 49 50 53 55 57 59 61 63 66 67 70 72 73 74 75 78 79 80 81 82 84 87 88 90 91 92 93 94 95 97 98 101 103 106 110 112 114 116 117 118 119
