INF
INF
INF
INF
9309
INF
INF
20992
INF
INF
INF
8755
INF
INF
INF
INF
INF
INF
INF
INF
INF
INF
INF
INF
INF
INF
20992
INF
INF
INF
INF
649
INF
INF
2327
INF
649
2327
INF
INF
INF
8755
INF
INF
INF
9356
INF
INF
649
9309
INF
9356
INF
INF
INF
INF
11683
INF
11636
INF
INF
INF
INF
9309
INF
INF
INF
649
INF
11636
INF
INF
INF
INF
INF
11683
INF
12332
8755
20992
INF
20992
INF
INF
INF
8755
INF
8755
INF
9356
INF
INF
20992
INF
INF
8755
11636
20992
INF
INF
2327
INF
INF
INF
8755
9309
INF
INF
INF
INF
INF
INF
649
INF
INF
INF
11636
INF
11636
2976
INF
2976
11636
INF
INF
9356
649
INF
INF
INF
INF
INF
INF
2976
INF
INF
INF
8755
INF
INF
INF
INF
11636
INF
2327
INF
INF
INF
8755
INF
649
649
12332
11636
649
INF
INF
INF
9309
11636
INF
8755
INF
8755
INF
INF
INF
INF
INF
INF
INF
20992
INF
INF
INF
INF
11636
INF
INF
INF
INF
INF
INF
INF
8755
12332
INF
INF
INF
INF
INF
2976
INF
INF
INF
INF
INF
INF
INF
INF
INF
INF
INF
INF
INF
2976
INF
12332
INF
INF
INF
INF
INF
INF
12332
11683
12332
2327
11636
INF
INF
2327
2327
INF
INF
20992
649
INF
INF
INF
12332
20992
9309
9356
INF
INF
INF
20992
20992
INF
9356
INF
11636
INF
2327
INF
INF
INF
INF
INF
20992
INF
INF
INF
INF
INF
INF
INF
20992
INF
11636
INF
INF
INF
20992
INF
649
INF
INF
INF
INF
11636
INF
INF
INF
INF
2327
INF
INF
2976
INF
649
INF
9356
INF
9309
INF
INF
11683
12332
INF
INF
INF
2976
INF
INF
649
INF
INF
11683
2327
INF
INF
INF
INF
INF
INF
INF
INF
9309
11636
INF
20992
INF
INF
20992
9356
11636
INF
8755
INF
20992
INF
INF
INF
20992
INF
20992
INF
INF
INF
INF
INF
9309
20992
2327
11636
INF
INF
8755
INF
12332
2327
INF
9356
INF
649
INF
INF
INF
INF
9356
INF
20992
INF
9309
INF
INF
INF
INF
2976
INF
INF
INF
2327
INF
8755
INF
INF
649
INF
INF
INF
2327
2976
INF
INF
INF
INF
INF
INF
11636
INF
INF
INF
11683
INF
INF
INF
INF
INF
INF
8755
11636
INF
INF
2976
649
INF
9356
INF
20992
8755
INF
INF
2327
2976
INF
INF
8755
INF
INF
INF
INF
INF
INF
20992
INF
INF
INF
INF
INF
INF
INF
INF
INF
9309
INF
INF
INF
11636
11683
12332
INF
2976
INF
INF
INF
INF
INF
INF
INF
INF
INF
INF
649
INF
20992
INF
INF
INF
INF
9309
9356
9309
INF
2327
20992
2327
INF
8755
8755
INF
INF
20992
INF
9309
8755
INF
INF
INF
INF
INF
INF
INF
INF
2327
9309
INF
INF
INF
INF
INF
INF
11636
INF
INF
INF
INF
11683
12332
INF
INF
INF
INF
INF
INF
INF
INF
INF
9356
9309
INF
11636
INF
20992
INF
INF
INF
INF
11683
12332
9356
INF
INF
8755
INF
INF
INF
INF
INF
INF
INF
INF
INF
8755
INF
9309
INF
INF
INF
INF
INF
INF
INF
8755
20992
INF
INF
2976
2976
INF
9309
9309
INF
INF
11683
20992
2976
INF
INF
2976
9309
INF
INF
12332
INF
INF
INF
11636
20992
INF
9356
INF
INF
INF
INF
INF
INF
INF
INF
INF
11683
INF
8755
2976
INF
INF
INF
11636
2976
20992
20992
INF
11636
INF
INF
INF
INF
INF
INF
INF
INF
INF
9309
11636
INF
INF
INF
INF
INF
INF
INF
9356
INF
INF
INF
INF
INF
INF
INF
INF
INF
2976
12332
INF
INF
INF
INF
INF
INF
INF
INF
INF
INF
8755
11636
INF
INF
INF
INF
INF
9309
INF
2976
12332
INF
2976
INF
INF
INF
INF
INF
INF
11683
INF
2327
11636
INF
12332
9309
INF
9356
12332
INF
INF
9356
INF
11636
INF
INF
9356
2976
INF
INF
INF
9356
INF
INF
12332
INF
8755
INF
12332
INF
INF
INF
INF
INF
INF
INF
INF
INF
INF
INF
INF
INF
INF
INF
INF
649
INF
INF
8755
INF
INF
2976
INF
INF
11683
INF
INF
9356
INF
9356
649
11683
INF
INF
INF
INF
INF
9356
9356
2327
INF
INF
9356
INF
649
INF
INF
INF
INF
INF
8755
INF
INF
11683
INF
INF
11636
INF
INF
INF
12332
INF
INF
INF
11683
INF
8755
9356
INF
2976
INF
INF
12332
INF
INF
2327
INF
INF
INF
11683
8755
2327
INF
INF
INF
INF
INF
INF
8755
INF
12332
INF
9309
INF
INF
INF
INF
2327
INF
INF
INF
12332
11636
INF
INF
INF
INF
INF
INF
INF
INF
INF
INF
INF
11683
INF
INF
INF
INF
INF
9309
INF
INF
INF
INF
INF
INF
2976
INF
INF
INF
INF
INF
INF
INF
INF
11683
INF
INF
INF
INF
INF
INF
INF
9309
INF
INF
12332
INF
2976
9356
INF
INF
9309
INF
INF
9356
INF
INF
INF
2976
INF
INF
INF
INF
11683
INF
INF
9356
INF
INF
INF
INF
INF
INF
INF
INF
12332
INF
12332
11636
INF
INF
INF
INF
11636
INF
INF
9309
INF
INF
INF
INF
8755
INF
INF
INF
INF
2976
INF
INF
INF
INF
INF
INF
INF
INF
INF
12332
INF
9309
649
11683
INF
INF
INF
9309
INF
INF
INF
INF
649
9356
INF
INF
INF
INF
INF
20992
INF
INF
INF
INF
INF
INF
INF
INF
INF
11636
2327
12332
20992
INF
INF
INF
INF
INF
11636
11683
INF
INF
20992
INF
INF
INF
9309
INF
INF
INF
INF
INF
9309
649
INF
9309
INF
8755
INF
INF
INF
2976
INF
INF
INF
INF
11683
2976
INF
INF
12332
INF
9309
INF
INF
INF
649
2327
INF
INF
INF
20992
INF
INF
INF
INF
INF
INF
INF
INF
INF
INF
INF
INF
11683
2327
INF
INF
12332
INF
649
INF
INF
INF
12332
11683
INF
INF
2976
INF
20992
20992
8755
649
INF
INF
20992
2327
INF
INF
INF
INF
649
INF
INF
INF
INF
20992
2327
9309
2327
INF
INF
INF
INF
INF
INF
INF
INF
INF
INF
INF
INF
11636
INF
INF
INF
INF
2976
INF
INF
INF
11636
INF
INF
INF
12332
INF
INF
9356
INF
12332
INF
INF
INF
INF
INF
12332
649
INF
8755
INF
INF
649
2976
INF
INF
12332
INF
INF
INF
INF
9309
12332
INF
INF
INF
INF
INF
INF
INF
INF
INF
INF
INF
INF
INF
INF
INF
2976
INF
2976
INF
20992
9309
649
INF
INF
8755
INF
11636
INF
2327
INF
12332
INF
2327
INF
649
INF
INF
INF
2327
INF
INF
649
INF
20992
INF
20992
INF
INF
INF
INF
INF
12332
9356
INF
9309
INF
9356
INF
INF
INF
12332
INF
INF
INF
INF
INF
INF
INF
INF
INF
INF
INF
INF
INF
INF
INF
INF
INF
INF
9309
9309
2976
INF
9309
INF
INF
9356
INF
INF
INF
INF
INF
9309
9356
9309
INF
INF
INF
INF
9309
INF
INF
INF
INF
649
649
INF
INF
11683
INF
INF
INF
INF
INF
INF
INF
2327
INF
INF
9356
12332
INF
8755
INF
INF
INF
INF
INF
INF
INF
INF
INF
INF
2976
2327
2327
20992
INF
INF
INF
9356
2976
INF
INF
INF
INF
INF
9309
649
INF
INF
2976
12332
11636
INF
649
8755
INF
INF
2976
INF
INF
11636
INF
INF
INF
INF
INF
12332
INF
INF
2976
INF
INF
INF
INF
11683
8755
INF
INF
INF
9309
INF
INF
INF
12332
12332
INF
INF
INF
INF
INF
INF
INF
INF
INF
2976
2976
20992
INF
INF
2976
2327
INF
2327
11683
INF
649
INF
2327
2327
INF
11683
INF
2327
INF
20992
11683
INF
INF
INF
2976
INF
INF
INF
INF
INF
11636
INF
INF
2327
INF
649
11636
INF
INF
INF
INF
INF
11636
INF
INF
INF
INF
20992
INF
INF
INF
INF
INF
8755
INF
INF
INF
INF
INF
INF
INF
INF
9309
9356
INF
INF
9309
INF
INF
INF
INF
INF
649
INF
INF
INF
INF
INF
9309
INF
INF
INF
INF
INF
11636
INF
INF
2976
INF
11636
INF
INF
INF
11636
INF
INF
11636
INF
INF
INF
INF
INF
INF
11636
INF
INF
INF
INF
INF
INF
INF
INF
9309
2976
INF
INF
11636
11683
INF
12332
INF
INF
INF
2976
INF
INF
INF
INF
INF
INF
INF
INF
11636
INF
INF
9309
2327
INF
INF
11683
2327
INF
INF
INF
INF
INF
2327
8755
20992
9309
INF
649
INF
INF
INF
INF
INF
INF
INF
11636
INF
INF
INF
INF
12332
INF
2327
INF
INF
12332
649
INF
INF
20992
8755
INF
INF
INF
INF
INF
9356
11683
INF
INF
8755
INF
INF
INF
9356
INF
INF
INF
INF
9309
INF
2327
12332
INF
INF
INF
9356
8755
649
649
2976
INF
8755
INF
9309
20992
11636
INF
9309
INF
INF
INF
2327
INF
INF
INF
INF
2327
11683
2976
INF
9356
2976
INF
INF
INF
INF
9309
INF
INF
8755
INF
INF
20992
INF
INF
2976
9309
12332
INF
11636
11636
INF
INF
INF
INF
INF
11636
INF
INF
20992
INF
INF
20992
INF
2327
INF
INF
INF
20992
INF
INF
INF
INF
INF
INF
9356
INF
2976
INF
20992
INF
20992
INF
INF
INF
INF
INF
INF
11683
INF
INF
INF
8755
11683
INF
9356
INF
INF
INF
INF
8755
INF
INF
INF
9356
INF
INF
INF
INF
INF
INF
INF
INF
INF
INF
INF
INF
INF
INF
INF
INF
INF
INF
INF
INF
INF
2976
INF
2976
11683
9356
2327
INF
INF
12332
INF
20992
INF
11636
9356
8755
INF
INF
INF
INF
8755
INF
INF
INF
INF
INF
INF
INF
INF
INF
11636
INF
INF
INF
INF
INF
INF
INF
INF
INF
INF
INF
INF
INF
9356
INF
INF
11683
9309
INF
INF
2976
649
INF
INF
INF
INF
11636
INF
11683
INF
INF
20992
INF
INF
11636
INF
INF
9309
INF
INF
INF
INF
INF
11636
20992
12332
INF
INF
INF
8755
8755
INF
649
12332
9356
INF
INF
INF
12332
2327
INF
INF
INF
8755
INF
INF
649
INF
9356
INF
INF
INF
INF
INF
INF
INF
INF
INF
INF
INF
INF
11683
9356
INF
9356
9356
INF
11636
INF
11683
9356
INF
20992
9356
INF
INF
INF
INF
INF
INF
2327
20992
8755
INF
12332
12332
INF
INF
INF
INF
2327
INF
INF
649
INF
INF
INF
INF
INF
9309
9309
INF
9356
649
INF
INF
INF
INF
INF
11636
2327
INF
INF
12332
9309
INF
INF
2327
INF
INF
INF
INF
INF
INF
INF
INF
20992
20992
8755
INF
11636
11683
9356
INF
INF
INF
12332
2976
9356
12332
12332
11636
INF
649
12332
INF
INF
9309
INF
9356
12332
INF
INF
INF
649
INF
INF
INF
INF
INF
INF
INF
INF
2976
INF
INF
INF
INF
20992
INF
12332
20992
649
INF
INF
649
INF
INF
INF
INF
INF
11636
2327
INF
2976
INF
8755
INF
INF
INF
12332
INF
INF
8755
INF
INF
INF
INF
12332
INF
INF
2327
INF
INF
649
INF
INF
INF
INF
11636
INF
11636
INF
INF
INF
649
649
11636
INF
INF
INF
2327
INF
9356
INF
INF
2327
2976
INF
2976
INF
9356
INF
11683
2327
2327
INF
12332
INF
INF
INF
9309
9356
11683
INF
INF
INF
INF
INF
INF
2976
INF
INF
INF
INF
20992
11683
20992
INF
9309
INF
INF
INF
INF
INF
11636
2327
INF
INF
11636
20992
INF
INF
INF
8755
INF
649
INF
12332
INF
INF
INF
2976
INF
INF
12332
INF
8755
INF
INF
INF
INF
11636
9309
INF
INF
12332
2327
INF
INF
INF
INF
INF
INF
INF
8755
INF
INF
INF
INF
9309
INF
12332
INF
11683
8755
9356
2976
INF
INF
INF
INF
2976
12332
INF
INF
INF
11636
INF
20992
649
INF
2976
11683
INF
INF
INF
11683
INF
INF
INF
INF
INF
20992
8755
2327
2976
INF
649
11636
INF
9356
11683
INF
INF
INF
INF
649
2327
11636
INF
INF
2327
INF
INF
INF
INF
9356
20992
INF
INF
INF
INF
20992
INF
INF
INF
12332
INF
INF
INF
2327
INF
INF
INF
11636
9356
INF
INF
INF
INF
649
INF
INF
11683
INF
INF
INF
9309
INF
INF
9356
INF
8755
11636
INF
9309
INF
8755
INF
12332
649
INF
INF
INF
2327
INF
INF
INF
2327
12332
INF
INF
INF
INF
INF
INF
2327
INF
INF
INF
11683
INF
2327
INF
INF
9309
INF
INF
INF
20992
INF
INF
INF
INF
20992
2976
9356
9356
11636
INF
2327
INF
INF
INF
INF
INF
INF
2327
649
INF
INF
12332
INF
INF
INF
INF
INF
INF
11683
INF
649
INF
2327
INF
INF
INF
INF
INF
INF
INF
INF
INF
11683
12332
INF
INF
INF
INF
20992
INF
INF
INF
INF
INF
INF
INF
INF
12332
INF
INF
INF
INF
INF
12332
INF
INF
INF
INF
INF
2327
INF
2976
INF
INF
11636
INF
12332
INF
INF
2976
INF
INF
INF
11636
INF
INF
2327
2327
INF
INF
2976
INF
INF
2327
INF
12332
12332
11636
INF
INF
INF
INF
INF
INF
INF
8755
INF
INF
INF
INF
INF
INF
INF
INF
INF
INF
INF
INF
INF
INF
INF
2976
INF
8755
649
649
INF
INF
INF
INF
11683
INF
INF
INF
INF
11683
INF
INF
INF
INF
INF
INF
12332
11636
9309
9309
INF
INF
20992
INF
INF
649
INF
INF
2976
INF
12332
INF
2327
INF
INF
9309
INF
8755
INF
INF
INF
2327
INF
INF
20992
649
649
2976
2976
INF
20992
2327
INF
11636
20992
649
12332
INF
20992
INF
INF
INF
INF
12332
20992
INF
INF
9356
INF
2327
INF
11683
INF
INF
INF
INF
2327
12332
INF
9309
INF
INF
INF
INF
INF
INF
INF
INF
INF
INF
INF
INF
649
INF
INF
INF
INF
INF
11636
INF
INF
11683
INF
INF
INF
2976
INF
11683
649
2327
INF
11683
INF
20992
9309
INF
INF
INF
9356
INF
INF
11683
9309
9356
INF
INF
649
INF
2327
INF
INF
INF
INF
INF
649
20992
INF
8755
9309
11636
INF
INF
INF
20992
INF
INF
INF
INF
INF
649
11636
649
9309
INF
INF
11636
INF
INF
INF
INF
INF
INF
INF
9356
INF
INF
INF
INF
INF
INF
11636
INF
INF
INF
INF
9309
INF
INF
INF
INF
INF
2976
INF
9356
12332
INF
INF
INF
INF
INF
INF
INF
11636
2327
INF
INF
INF
2976
INF
INF
INF
INF
INF
INF
INF
11683
12332
20992
9309
INF
INF
INF
11636
2976
649
INF
INF
INF
INF
INF
INF
INF
INF
2327
INF
9356
INF
INF
INF
11683
8755
INF
INF
649
INF
INF
INF
INF
2327
INF
2327
INF
INF
8755
INF
11683
INF
9309
INF
INF
INF
INF
8755
2327
9356
INF
20992
11636
11636
9356
INF
INF
INF
INF
9356
9309
INF
INF
20992
INF
INF
INF
9356
INF
INF
INF
INF
INF
INF
INF
INF
11683
INF
INF
12332
2976
2976
INF
20992
INF
9309
INF
11683
9309
INF
20992
INF
INF
INF
2976
INF
INF
9309
INF
INF
12332
INF
INF
INF
INF
INF
INF
INF
INF
2327
INF
INF
20992
11683
9356
2976
649
INF
649
INF
11683
INF
11636
9356
INF
INF
20992
INF
INF
INF
9356
INF
9356
INF
INF
INF
2976
11683
9356
INF
8755
INF
INF
INF
INF
11636
INF
INF
INF
INF
2976
INF
INF
INF
INF
9356
INF
INF
9356
INF
INF
2976
9309
INF
649
INF
INF
11636
INF
11683
11636
INF
INF
INF
INF
INF
649
12332
INF
9309
INF
649
11683
2976
INF
INF
INF
2327
649
2327
INF
INF
INF
INF
INF
INF
INF
9309
INF
9309
INF
INF
INF
649
11683
INF
INF
9309
9356
INF
INF
INF
9356
INF
INF
INF
INF
2976
INF
INF
INF
9356
INF
INF
INF
INF
INF
649
8755
INF
INF
INF
INF
INF
INF
INF
INF
INF
INF
INF
INF
2976
649
INF
INF
INF
INF
INF
INF
2976
INF
INF
INF
INF
INF
INF
2327
INF
2976
INF
INF
2327
INF
INF
649
INF
11636
9309
INF
INF
INF
INF
INF
INF
2327
INF
INF
INF
INF
9356
INF
INF
INF
INF
INF
INF
INF
INF
2976
INF
INF
INF
649
INF
8755
11683
INF
12332
INF
2976
649
INF
INF
12332
INF
2976
11683
20992
9356
INF
9309
12332
2976
20992
INF
INF
INF
INF
INF
INF
INF
INF
INF
INF
2976
INF
8755
INF
INF
9309
INF
9309
9356
2327
INF
INF
INF
INF
INF
INF
11683
11636
9309
9309
9356
INF
INF
INF
12332
INF
9309
INF
12332
12332
11636
INF
INF
12332
9356
INF
INF
INF
INF
INF
2327
INF
11636
INF
INF
INF
INF
INF
INF
INF
INF
8755
8755
INF
INF
20992
INF
INF
INF
INF
INF
649
INF
INF
2327
INF
INF
INF
INF
8755
INF
9356
INF
INF
INF
INF
INF
9356
INF
INF
9309
INF
INF
INF
INF
9356
INF
20992
9309
INF
INF
2976
649
INF
649
INF
INF
INF
INF
INF
11683
INF
11683
11683
INF
INF
INF
INF
INF
INF
INF
INF
INF
INF
11636
11683
INF
2327
INF
INF
INF
INF
INF
INF
9356
INF
9356
INF
INF
INF
INF
9309
11636
INF
INF
INF
2327
INF
11636
INF
INF
12332
INF
20992
12332
INF
INF
8755
20992
9309
INF
INF
2976
9309
INF
9356
INF
2327
11636
INF
8755
11636
INF
INF
INF
INF
INF
INF
INF
INF
INF
INF
INF
649
INF
11636
INF
2327
INF
11683
INF
12332
INF
INF
2327
649
INF
INF
INF
INF
INF
INF
11683
INF
INF
2327
INF
INF
INF
INF
9356
INF
INF
INF
INF
20992
INF
INF
649
INF
INF
INF
11683
INF
12332
2327
INF
2976
INF
649
9309
INF
12332
8755
9356
2327
INF
INF
2327
INF
11636
11636
8755
INF
20992
INF
INF
2976
9309
INF
INF
INF
INF
INF
11683
INF
INF
INF
INF
INF
12332
INF
INF
2327
INF
INF
INF
INF
INF
8755
INF
649
INF
INF
20992
INF
INF
INF
9309
9356
9356
INF
INF
649
INF
INF
INF
INF
9356
INF
INF
8755
INF
2327
INF
11636
INF
9309
11683
8755
12332
INF
INF
INF
649
INF
INF
INF
9309
INF
INF
9356
INF
INF
INF
INF
INF
INF
INF
11683
INF
INF
649
INF
INF
INF
INF
INF
INF
12332
INF
INF
INF
INF
INF
INF
INF
INF
INF
12332
INF
20992
INF
11636
INF
11683
INF
INF
INF
INF
INF
INF
INF
9356
INF
INF
20992
INF
INF
INF
INF
INF
INF
INF
INF
INF
INF
9356
INF
20992
INF
11683
INF
INF
INF
11683
12332
2327
INF
INF
649
9309
INF
11636
INF
INF
8755
INF
INF
INF
INF
INF
20992
8755
12332
9309
11636
9309
INF
INF
INF
INF
INF
INF
649
9309
INF
INF
2327
8755
9309
INF
12332
INF
8755
INF
INF
INF
12332
INF
INF
INF
INF
INF
649
INF
INF
INF
9356
INF
INF
INF
INF
INF
INF
INF
9309
INF
INF
INF
11683
INF
11683
8755
INF
INF
2327
INF
INF
INF
INF
INF
9356
12332
INF
INF
649
INF
INF
11683
20992
INF
INF
2327
INF
20992
INF
INF
2976
INF
INF
2327
2976
INF
INF
INF
INF
INF
INF
INF
2327
INF
9356
9309
INF
INF
649
INF
INF
9356
2327
INF
INF
INF
INF
INF
INF
INF
2976
INF
INF
INF
11683
INF
INF
11683
INF
2327
INF
649
INF
2327
INF
INF
INF
INF
649
11636
649
INF
11683
12332
9356
2976
20992
9309
INF
20992
INF
INF
20992
INF
INF
INF
20992
11683
INF
2327
INF
2327
9309
INF
INF
INF
INF
INF
INF
INF
INF
12332
11636
2327
12332
INF
INF
11636
INF
INF
INF
INF
INF
INF
649
INF
649
9356
9356
INF
649
INF
INF
8755
INF
2976
INF
INF
INF
INF
INF
INF
649
8755
INF
INF
INF
INF
11636
INF
INF
INF
INF
INF
INF
11683
INF
2976
9309
11683
8755
INF
INF
INF
INF
INF
11683
INF
11683
INF
2976
649
12332
9356
9309
INF
2976
INF
INF
INF
649
INF
20992
INF
9356
INF
11683
INF
INF
INF
649
INF
INF
INF
INF
INF
INF
INF
INF
INF
INF
INF
INF
INF
INF
INF
INF
INF
INF
INF
INF
8755
INF
INF
INF
11636
INF
2327
INF
INF
INF
11683
INF
INF
INF
INF
INF
INF
INF
8755
2976
INF
INF
9356
8755
INF
INF
INF
2327
INF
11683
INF
INF
INF
649
INF
INF
11683
9309
2976
INF
INF
INF
INF
INF
11683
9309
11683
INF
INF
9356
INF
INF
INF
649
INF
INF
INF
INF
INF
INF
INF
INF
INF
INF
20992
INF
8755
INF
INF
11636
INF
11683
INF
20992
INF
INF
INF
INF
INF
INF
11683
20992
INF
9356
8755
INF
INF
2327
INF
2976
INF
INF
20992
INF
INF
INF
INF
INF
INF
INF
INF
INF
INF
2327
INF
649
2976
INF
11636
INF
9356
INF
INF
INF
INF
INF
INF
INF
INF
INF
INF
INF
INF
INF
INF
8755
INF
11636
INF
2327
INF
INF
INF
INF
INF
INF
INF
INF
INF
9356
INF
INF
INF
INF
INF
INF
INF
649
11636
INF
INF
11683
INF
INF
INF
INF
INF
2976
INF
INF
INF
INF
INF
12332
INF
11683
INF
INF
20992
9309
20992
INF
INF
INF
INF
INF
11683
2976
INF
INF
2327
12332
2327
INF
9309
INF
2976
INF
INF
INF
9356
INF
INF
INF
2976
INF
INF
INF
2327
INF
INF
11683
11636
INF
INF
INF
INF
INF
INF
11683
INF
INF
INF
INF
INF
11636
INF
11683
INF
9309
INF
649
INF
INF
20992
INF
INF
649
INF
INF
INF
INF
INF
INF
11683
INF
9309
INF
INF
INF
INF
INF
9309
INF
INF
2976
11683
INF
12332
INF
INF
INF
INF
INF
INF
INF
2976
INF
INF
INF
INF
INF
INF
INF
INF
9309
INF
INF
11683
20992
9309
12332
2976
INF
649
INF
649
INF
INF
9309
INF
11683
INF
INF
INF
INF
INF
INF
INF
INF
INF
INF
INF
INF
INF
INF
8755
INF
8755
INF
12332
2327
INF
INF
INF
INF
9356
9356
INF
9356
INF
INF
INF
INF
INF
INF
INF
INF
11636
INF
12332
INF
INF
8755
649
11683
INF
2976
9356
INF
INF
649
2976
INF
2976
INF
INF
2976
INF
INF
INF
INF
INF
INF
INF
INF
11636
INF
INF
11683
INF
INF
9309
INF
INF
INF
INF
12332
2976
INF
8755
INF
8755
9309
2976
INF
11636
20992
8755
INF
INF
9309
INF
INF
9356
INF
12332
INF
649
INF
9356
INF
INF
9356
INF
2976
INF
INF
12332
INF
INF
INF
INF
INF
INF
2976
INF
20992
INF
INF
INF
649
INF
INF
INF
INF
9356
INF
INF
INF
20992
INF
INF
11636
INF
649
INF
INF
INF
8755
INF
INF
INF
INF
INF
INF
8755
INF
INF
20992
INF
INF
INF
INF
INF
8755
9309
8755
11683
2976
9356
INF
INF
649
649
INF
INF
9356
INF
12332
649
INF
INF
11636
12332
INF
INF
20992
INF
INF
9356
INF
INF
INF
11683
11683
INF
INF
INF
INF
INF
8755
INF
11683
649
2976
INF
INF
INF
INF
649
INF
INF
INF
INF
INF
20992
INF
INF
INF
INF
INF
11683
INF
INF
INF
INF
2327
2976
INF
9309
8755
INF
INF
2327
2976
INF
9309
INF
INF
INF
9356
INF
INF
INF
INF
INF
2327
11683
INF
INF
9309
INF
11683
12332
INF
INF
INF
INF
20992
11683
INF
2976
8755
649
INF
INF
INF
INF
INF
20992
INF
INF
INF
INF
INF
2976
INF
INF
INF
INF
8755
INF
INF
INF
INF
INF
2327
INF
INF
2976
INF
INF
9356
2976
8755
INF
INF
INF
INF
INF
649
INF
649
INF
INF
INF
INF
INF
INF
INF
11636
INF
20992
INF
INF
INF
20992
20992
11683
INF
9356
8755
INF
649
INF
11636
INF
INF
INF
INF
INF
INF
2976
INF
8755
2327
2327
INF
2976
INF
INF
INF
INF
2976
INF
INF
INF
INF
INF
2976
12332
649
INF
INF
INF
INF
9356
INF
8755
INF
INF
INF
INF
INF
12332
11683
INF
INF
20992
8755
2327
11636
INF
INF
11636
INF
INF
9309
INF
2327
INF
INF
INF
2976
INF
INF
INF
INF
INF
INF
649
INF
INF
INF
20992
2327
12332
11636
9309
INF
20992
INF
INF
INF
8755
INF
INF
INF
INF
2976
INF
INF
INF
11636
INF
INF
INF
INF
INF
INF
INF
11683
INF
INF
9356
20992
INF
2976
INF
INF
INF
INF
INF
2976
11636
INF
INF
12332
11636
INF
INF
INF
INF
INF
INF
INF
INF
649
INF
8755
INF
INF
INF
INF
INF
INF
INF
INF
2327
INF
INF
INF
11636
INF
INF
11683
2976
INF
INF
INF
INF
INF
9309
8755
INF
INF
INF
2976
INF
INF
649
INF
INF
INF
INF
649
INF
INF
11683
11636
INF
INF
8755
INF
9309
INF
INF
INF
INF
INF
8755
INF
20992
9309
INF
INF
INF
9356
INF
9309
INF
INF
INF
2327
INF
INF
9309
INF
INF
INF
9356
INF
INF
8755
INF
INF
12332
11636
9356
INF
INF
INF
11683
INF
INF
INF
INF
INF
2976
INF
INF
9356
INF
INF
INF
INF
11636
INF
11636
2976
INF
INF
2327
INF
INF
11636
INF
2327
11636
INF
INF
INF
12332
INF
INF
9309
INF
INF
INF
INF
INF
INF
INF
INF
11636
INF
8755
INF
11683
INF
INF
INF
649
9356
2327
9356
9309
INF
11636
INF
2976
8755
INF
2327
INF
INF
INF
INF
INF
20992
INF
2327
INF
INF
INF
INF
INF
INF
2976
649
INF
2327
11636
649
12332
8755
INF
INF
9356
11636
8755
INF
INF
649
INF
INF
INF
9309
INF
2327
INF
649
INF
INF
INF
11683
INF
INF
9356
20992
INF
649
INF
INF
INF
INF
INF
INF
INF
INF
INF
11683
2976
INF
INF
INF
INF
INF
20992
INF
649
9356
INF
INF
INF
INF
INF
INF
INF
11683
11683
INF
INF
649
INF
INF
2327
8755
12332
INF
INF
9356
INF
11683
INF
INF
INF
12332
INF
INF
INF
INF
INF
INF
INF
INF
2327
INF
9356
INF
INF
9356
INF
INF
649
INF
9309
INF
INF
8755
8755
INF
11683
2327
INF
INF
INF
9356
2327
INF
11636
2327
INF
INF
INF
INF
12332
INF
11636
9356
INF
20992
2976
INF
INF
INF
INF
INF
INF
20992
INF
INF
INF
INF
9309
INF
11636
11683
INF
INF
INF
INF
INF
INF
9309
11636
INF
INF
INF
INF
INF
INF
649
INF
INF
INF
INF
INF
INF
9309
2327
2976
INF
INF
2976
8755
INF
INF
INF
9356
INF
INF
2327
INF
11636
INF
649
INF
12332
INF
12332
8755
2327
INF
INF
INF
9356
INF
INF
INF
INF
INF
20992
INF
INF
INF
INF
20992
INF
INF
INF
11683
INF
INF
INF
INF
20992
9356
12332
INF
INF
INF
INF
9356
2976
INF
INF
INF
INF
INF
INF
INF
INF
INF
11683
INF
INF
8755
INF
INF
INF
INF
9309
INF
9356
INF
12332
INF
INF
INF
INF
9356
INF
INF
INF
2976
INF
INF
INF
9309
9309
INF
8755
INF
INF
INF
INF
INF
INF
INF
INF
2327
INF
INF
INF
INF
INF
2327
INF
INF
INF
20992
INF
INF
2327
INF
INF
INF
11683
INF
INF
9356
20992
INF
INF
INF
INF
INF
11636
INF
INF
INF
20992
INF
11636
11636
INF
20992
20992
INF
INF
12332
INF
12332
649
INF
INF
11683
2976
12332
INF
INF
INF
INF
INF
INF
2327
INF
8755
INF
INF
INF
INF
8755
INF
INF
9309
INF
INF
2976
INF
INF
INF
INF
20992
INF
649
INF
INF
INF
INF
INF
INF
INF
2976
INF
INF
649
INF
INF
12332
INF
INF
9356
INF
INF
649
11683
INF
INF
9309
INF
INF
2976
INF
649
INF
2976
2976
INF
INF
INF
INF
12332
9356
INF
INF
INF
INF
INF
INF
8755
INF
INF
2327
INF
INF
INF
INF
INF
8755
INF
INF
INF
INF
INF
INF
INF
INF
11636
12332
649
INF
INF
2976
INF
INF
20992
INF
INF
INF
INF
INF
2976
INF
2327
INF
INF
INF
8755
INF
9356
9356
9309
INF
INF
INF
INF
11636
INF
2976
INF
INF
INF
INF
INF
11636
INF
INF
INF
INF
INF
INF
INF
INF
INF
INF
INF
INF
INF
INF
INF
INF
INF
INF
2327
INF
INF
INF
20992
8755
INF
9309
2976
2327
INF
INF
9309
INF
2976
INF
9356
2327
INF
INF
11636
11636
9309
INF
INF
11636
INF
649
9356
INF
INF
11636
INF
INF
INF
12332
INF
11683
INF
INF
INF
20992
INF
INF
INF
INF
INF
INF
INF
INF
INF
2327
INF
INF
INF
INF
8755
INF
INF
11636
649
INF
INF
INF
INF
8755
INF
INF
9309
INF
INF
INF
INF
11683
INF
INF
INF
INF
8755
INF
INF
INF
INF
649
INF
INF
INF
649
2327
INF
INF
INF
INF
2976
INF
8755
12332
INF
INF
INF
INF
INF
2327
INF
INF
INF
INF
INF
INF
INF
INF
INF
INF
INF
12332
INF
INF
INF
INF
9356
20992
2976
INF
INF
12332
20992
9356
INF
INF
INF
INF
INF
12332
INF
INF
INF
INF
INF
INF
INF
INF
11683
INF
2327
INF
INF
INF
INF
INF
INF
9356
INF
8755
INF
20992
INF
INF
INF
2976
11683
INF
INF
INF
9356
11683
INF
2327
2327
12332
INF
649
INF
INF
20992
20992
INF
9356
12332
12332
INF
8755
INF
8755
INF
INF
11636
INF
INF
12332
INF
649
INF
12332
8755
INF
INF
2327
2976
INF
INF
11683
INF
11683
INF
649
INF
INF
INF
INF
INF
8755
INF
INF
INF
INF
INF
8755
INF
649
INF
20992
INF
INF
INF
INF
9309
INF
INF
INF
INF
INF
INF
INF
9309
INF
INF
INF
INF
INF
INF
INF
INF
INF
8755
INF
INF
2976
INF
INF
9356
INF
12332
INF
8755
9309
INF
2327
INF
INF
20992
20992
INF
8755
INF
INF
INF
INF
INF
2976
INF
9309
2976
INF
INF
INF
12332
INF
INF
INF
INF
INF
649
11683
INF
INF
INF
INF
INF
INF
INF
11683
8755
INF
649
INF
INF
11636
649
INF
INF
INF
12332
INF
INF
INF
INF
INF
9356
9309
INF
INF
9309
12332
INF
INF
INF
INF
INF
INF
INF
INF
INF
8755
INF
INF
11636
INF
INF
9356
INF
11683
INF
11683
INF
INF
INF
INF
2976
9309
12332
INF
11683
INF
9356
INF
INF
INF
INF
INF
649
INF
INF
INF
INF
INF
INF
INF
INF
8755
INF
INF
9309
INF
INF
9309
9309
11683
INF
INF
INF
INF
12332
INF
INF
INF
2327
INF
INF
9356
INF
INF
INF
INF
INF
INF
12332
INF
INF
INF
9309
INF
2327
INF
INF
INF
INF
INF
INF
INF
INF
INF
20992
INF
INF
INF
2327
INF
INF
12332
INF
20992
INF
20992
INF
INF
INF
11636
INF
INF
11636
INF
INF
INF
649
2976
INF
INF
9309
2976
12332
2976
INF
649
INF
9356
INF
INF
11636
INF
2327
INF
INF
INF
9309
INF
INF
INF
INF
INF
INF
2976
11636
INF
INF
INF
INF
INF
11683
649
649
11636
11636
INF
INF
11683
INF
INF
9309
INF
11636
11636
INF
INF
INF
INF
INF
11636
INF
2976
INF
INF
8755
INF
INF
INF
INF
11636
12332
8755
INF
INF
2976
INF
11636
INF
INF
INF
INF
2327
9356
9309
INF
12332
INF
INF
INF
INF
INF
INF
9356
INF
INF
INF
INF
INF
2976
9356
11636
649
INF
INF
INF
649
12332
INF
INF
2976
INF
11636
INF
INF
INF
INF
INF
INF
20992
INF
INF
INF
INF
INF
2327
9356
2327
INF
INF
INF
INF
INF
12332
9356
INF
INF
INF
8755
INF
2327
2976
INF
9356
9309
INF
INF
12332
8755
8755
INF
INF
INF
8755
INF
9309
INF
INF
9356
11636
INF
9356
INF
INF
8755
INF
INF
11683
INF
11683
INF
2327
INF
INF
INF
INF
INF
INF
INF
INF
INF
INF
INF
11636
9309
INF
INF
9356
INF
INF
INF
9356
INF
INF
INF
11636
INF
INF
INF
INF
INF
INF
INF
2327
20992
INF
INF
9309
INF
INF
INF
INF
9309
INF
649
INF
649
INF
2327
INF
INF
INF
11683
11683
INF
INF
INF
INF
2976
INF
INF
20992
9356
INF
INF
9309
INF
649
9356
INF
INF
INF
INF
INF
INF
20992
INF
20992
INF
INF
9309
2976
11636
INF
12332
20992
INF
INF
11683
11683
INF
INF
11683
INF
11683
2327
11636
11683
INF
11636
INF
INF
INF
11683
INF
INF
INF
INF
649
9356
INF
INF
INF
2976
8755
INF
INF
INF
INF
12332
INF
INF
INF
INF
649
INF
9309
9309
INF
INF
INF
8755
INF
20992
INF
INF
INF
INF
INF
11636
INF
11636
INF
12332
8755
2327
11636
INF
INF
INF
INF
20992
INF
INF
INF
INF
INF
INF
12332
INF
INF
9309
INF
INF
8755
INF
12332
INF
INF
9356
INF
INF
11683
INF
INF
INF
INF
INF
INF
2327
INF
INF
INF
INF
INF
INF
INF
INF
INF
2327
INF
INF
2976
9356
INF
INF
9309
11683
INF
11683
INF
INF
20992
INF
INF
INF
INF
INF
INF
12332
INF
INF
INF
2327
INF
INF
20992
INF
11636
INF
INF
INF
INF
INF
11683
INF
INF
INF
INF
INF
INF
INF
INF
INF
INF
INF
12332
INF
2327
INF
INF
INF
INF
2327
INF
INF
INF
649
INF
INF
INF
11636
INF
INF
INF
INF
INF
11636
INF
INF
INF
INF
INF
INF
INF
INF
INF
INF
INF
INF
INF
INF
20992
INF
INF
649
2327
INF
INF
INF
2327
INF
INF
8755
INF
INF
2327
INF
INF
INF
INF
INF
INF
20992
INF
INF
2327
INF
INF
12332
INF
INF
INF
INF
INF
8755
INF
INF
12332
INF
2976
2327
9356
INF
INF
INF
11636
INF
11636
INF
INF
INF
INF
12332
INF
INF
INF
INF
INF
INF
INF
INF
INF
INF
INF
INF
INF
INF
INF
INF
INF
9309
9356
INF
INF
INF
INF
9356
INF
9356
11636
INF
649
INF
INF
INF
INF
INF
9356
INF
INF
11683
20992
INF
9309
INF
INF
8755
2327
12332
649
INF
8755
INF
2976
2976
INF
INF
INF
9356
20992
11636
9309
INF
INF
649
INF
INF
2976
INF
INF
INF
INF
INF
11636
9309
INF
8755
INF
INF
INF
9356
INF
INF
INF
INF
INF
INF
INF
INF
INF
INF
INF
INF
INF
INF
INF
8755
20992
INF
INF
INF
INF
INF
INF
INF
INF
11683
INF
12332
INF
INF
9309
9309
11636
INF
20992
INF
INF
INF
INF
INF
INF
INF
INF
INF
INF
11683
9356
11683
8755
2976
INF
INF
INF
2327
INF
INF
9356
INF
2976
INF
INF
2976
20992
INF
INF
INF
INF
INF
INF
649
20992
INF
8755
INF
INF
INF
INF
INF
9309
INF
INF
INF
INF
INF
INF
11636
11636
INF
9309
INF
INF
8755
INF
2327
INF
INF
INF
INF
8755
INF
INF
INF
INF
INF
INF
12332
11683
INF
2327
INF
INF
INF
2976
INF
INF
INF
INF
INF
INF
INF
11636
649
INF
INF
2976
INF
9356
INF
INF
11636
2976
INF
INF
INF
INF
INF
INF
INF
12332
INF
INF
INF
INF
8755
INF
INF
20992
INF
INF
INF
INF
INF
11683
INF
INF
9356
11683
11636
2327
649
INF
2327
9309
20992
INF
INF
2327
12332
INF
INF
INF
INF
9356
INF
INF
INF
20992
2976
2327
11683
INF
9356
INF
INF
INF
INF
INF
11636
INF
INF
INF
INF
20992
9356
12332
INF
INF
INF
2976
INF
8755
INF
INF
20992
11636
INF
INF
INF
INF
INF
INF
INF
INF
12332
2327
INF
20992
INF
2976
9356
2976
INF
INF
INF
INF
INF
9309
8755
INF
INF
INF
INF
9356
INF
INF
INF
20992
INF
8755
INF
INF
INF
INF
INF
INF
INF
2976
INF
INF
INF
2327
INF
2976
12332
INF
INF
INF
INF
9356
INF
INF
INF
INF
INF
9356
INF
2976
2976
INF
INF
11636
INF
649
INF
INF
INF
INF
11636
INF
INF
11683
2327
20992
INF
INF
INF
INF
INF
INF
INF
11636
INF
INF
INF
INF
9356
9309
11683
9356
INF
INF
INF
9356
INF
INF
INF
INF
INF
9356
9309
8755
2976
INF
INF
2327
INF
8755
INF
9356
12332
9356
9356
INF
INF
INF
INF
INF
20992
INF
INF
INF
INF
2976
9309
INF
INF
INF
INF
9309
9309
11636
INF
INF
9309
INF
649
INF
INF
8755
INF
9309
INF
INF
2976
INF
INF
9309
2976
INF
2976
2976
20992
20992
INF
INF
INF
INF
INF
2976
INF
INF
INF
649
INF
INF
INF
INF
2327
INF
INF
INF
2327
INF
INF
INF
INF
INF
INF
INF
649
8755
INF
11683
12332
INF
INF
9356
INF
INF
INF
INF
INF
INF
INF
INF
11636
INF
2327
INF
INF
649
INF
INF
12332
INF
INF
11683
2327
INF
INF
INF
INF
INF
INF
INF
11636
INF
INF
2327
11683
12332
2327
649
9309
INF
INF
INF
INF
INF
INF
INF
INF
8755
INF
INF
INF
INF
INF
2976
2327
2327
INF
8755
INF
INF
INF
2976
INF
INF
INF
INF
INF
INF
INF
INF
INF
INF
INF
INF
8755
INF
8755
INF
INF
INF
INF
2976
INF
INF
INF
11683
2327
INF
INF
INF
INF
INF
INF
INF
INF
INF
20992
INF
INF
20992
20992
9309
INF
11636
INF
INF
INF
INF
20992
INF
INF
11683
2327
12332
INF
INF
INF
INF
11636
20992
20992
20992
INF
11636
INF
INF
12332
INF
20992
INF
INF
INF
INF
INF
2976
11636
INF
INF
8755
INF
INF
INF
649
INF
INF
INF
2327
649
INF
INF
INF
INF
INF
2976
2976
649
INF
11683
INF
9309
11683
12332
INF
12332
INF
INF
INF
649
11683
INF
649
8755
INF
20992
11636
2976
20992
INF
649
INF
INF
INF
2327
INF
INF
INF
INF
649
2976
INF
INF
INF
9309
INF
INF
2327
9356
9309
INF
INF
INF
INF
INF
INF
INF
11636
649
2327
12332
INF
INF
INF
9356
INF
INF
INF
INF
INF
2976
INF
20992
INF
INF
INF
INF
11636
INF
INF
12332
INF
INF
649
INF
2327
12332
INF
2976
INF
INF
12332
9309
INF
20992
INF
649
INF
INF
INF
INF
INF
20992
INF
INF
INF
INF
INF
649
12332
INF
INF
2327
8755
649
INF
INF
2327
INF
INF
2327
INF
INF
INF
2327
INF
9356
INF
9309
INF
INF
INF
9309
9356
INF
INF
9309
INF
INF
INF
12332
INF
INF
INF
INF
20992
9356
INF
20992
INF
2327
INF
11683
11636
INF
INF
INF
8755
2976
INF
INF
INF
649
INF
INF
INF
INF
INF
8755
INF
INF
INF
INF
INF
INF
11683
11636
INF
8755
INF
INF
INF
9356
INF
INF
INF
9356
12332
9309
649
INF
INF
INF
INF
INF
INF
INF
INF
12332
INF
11636
INF
INF
INF
2976
INF
INF
9356
INF
649
INF
INF
INF
INF
INF
INF
9356
2327
INF
INF
INF
INF
649
9356
INF
INF
INF
INF
INF
11683
INF
11636
INF
2976
12332
INF
INF
INF
12332
11636
11683
INF
2976
2327
2976
INF
9309
INF
INF
INF
INF
9309
INF
2976
9309
INF
INF
INF
INF
INF
INF
INF
INF
INF
INF
INF
INF
12332
INF
INF
INF
11683
INF
INF
12332
649
INF
INF
INF
20992
INF
9309
INF
11683
INF
INF
INF
INF
INF
INF
INF
INF
INF
INF
INF
INF
INF
11683
INF
INF
INF
INF
2976
8755
INF
INF
INF
INF
INF
2976
11636
9309
INF
INF
11683
INF
INF
12332
INF
8755
INF
INF
2976
12332
20992
2327
INF
INF
INF
9356
INF
INF
INF
11636
INF
INF
INF
12332
INF
2327
INF
INF
INF
INF
INF
9309
INF
INF
9309
INF
11683
INF
INF
INF
12332
INF
INF
2976
INF
12332
INF
11683
11683
9356
INF
11636
9356
9309
INF
INF
INF
INF
12332
12332
12332
INF
2976
INF
INF
2327
INF
12332
INF
9309
INF
INF
INF
INF
20992
INF
20992
INF
INF
INF
9356
2976
20992
INF
9356
INF
11683
9309
8755
INF
11683
INF
INF
INF
INF
2327
INF
11636
INF
INF
INF
9356
INF
12332
INF
INF
INF
INF
INF
INF
11683
11683
INF
INF
INF
INF
INF
INF
11636
11636
INF
INF
INF
2976
11683
9356
INF
INF
INF
649
INF
2327
INF
11683
INF
11636
9356
INF
11636
INF
INF
9356
8755
9309
INF
649
INF
11636
INF
INF
INF
20992
2976
9309
INF
20992
11683
12332
12332
649
INF
INF
649
INF
INF
INF
INF
INF
INF
INF
INF
INF
INF
9309
9356
INF
INF
INF
2327
INF
8755
INF
INF
649
INF
9309
8755
12332
INF
INF
INF
INF
INF
INF
9356
INF
INF
20992
9309
649
INF
11636
2976
11636
INF
INF
INF
INF
8755
INF
INF
8755
INF
INF
9356
INF
INF
11636
8755
INF
20992
20992
9356
INF
649
INF
INF
INF
INF
9356
INF
2976
8755
649
12332
INF
INF
INF
649
8755
INF
INF
INF
INF
INF
649
11683
INF
INF
649
12332
11683
INF
INF
INF
INF
11636
12332
INF
INF
INF
INF
12332
20992
INF
INF
2327
INF
INF
2327
INF
INF
INF
INF
INF
9309
INF
2327
INF
INF
INF
INF
649
INF
INF
12332
INF
INF
INF
INF
INF
INF
INF
INF
12332
8755
2976
INF
9356
INF
INF
INF
8755
INF
INF
12332
20992
INF
INF
INF
INF
INF
INF
649
INF
INF
INF
INF
INF
INF
INF
9356
11636
8755
INF
20992
INF
2327
INF
INF
INF
INF
INF
INF
INF
20992
8755
INF
9309
INF
INF
INF
9309
INF
INF
8755
INF
12332
INF
INF
INF
INF
INF
INF
INF
INF
INF
12332
INF
12332
INF
INF
11636
INF
INF
INF
INF
INF
INF
INF
INF
INF
INF
20992
649
2327
9356
INF
649
INF
INF
INF
INF
INF
INF
INF
2976
INF
2976
INF
INF
11683
INF
INF
INF
INF
20992
INF
INF
INF
11636
9356
20992
9309
20992
2976
INF
12332
INF
INF
INF
INF
INF
2327
INF
INF
INF
INF
INF
INF
INF
INF
INF
INF
INF
11683
9309
649
9356
11636
11683
INF
INF
INF
INF
INF
INF
9309
20992
INF
9309
INF
INF
INF
INF
INF
INF
INF
INF
INF
INF
12332
20992
2327
INF
INF
9356
9309
INF
INF
INF
INF
INF
INF
9309
INF
INF
INF
INF
INF
INF
2327
9309
INF
INF
2327
INF
INF
INF
INF
INF
INF
INF
INF
INF
INF
9309
649
INF
INF
11683
INF
INF
INF
INF
INF
INF
INF
INF
2327
20992
2976
INF
INF
8755
INF
11683
INF
INF
9309
INF
INF
INF
9356
INF
INF
2327
INF
INF
INF
INF
INF
INF
11683
INF
INF
INF
INF
INF
INF
INF
2327
2976
INF
INF
INF
INF
8755
11683
INF
INF
INF
9309
20992
INF
INF
INF
INF
649
2327
INF
INF
INF
12332
8755
INF
INF
2976
INF
2327
INF
2327
2327
INF
2327
INF
INF
INF
INF
INF
8755
INF
INF
INF
INF
2327
INF
2976
649
INF
2327
INF
9309
INF
INF
9356
11683
INF
INF
INF
INF
8755
11636
INF
8755
INF
INF
INF
INF
9356
12332
9309
INF
INF
INF
INF
INF
INF
INF
INF
20992
INF
INF
11683
INF
INF
INF
INF
INF
INF
649
INF
INF
INF
INF
649
INF
INF
INF
INF
2327
649
INF
INF
INF
8755
INF
INF
INF
9309
2327
2976
INF
9356
INF
2327
INF
INF
INF
12332
9356
9309
INF
INF
INF
INF
INF
INF
INF
8755
INF
INF
8755
11636
INF
INF
INF
9356
INF
INF
INF
INF
INF
20992
INF
INF
649
INF
INF
2976
9356
11636
INF
INF
INF
2327
INF
INF
INF
INF
INF
20992
11683
9309
INF
INF
INF
INF
INF
INF
2327
649
INF
INF
INF
INF
649
INF
9356
11636
INF
INF
12332
INF
9309
12332
INF
INF
INF
INF
2327
INF
INF
2327
INF
9356
20992
INF
INF
8755
INF
11683
649
INF
INF
INF
8755
INF
9309
12332
8755
INF
INF
INF
INF
INF
INF
11636
INF
INF
INF
INF
INF
8755
9309
INF
INF
INF
12332
9309
INF
INF
11683
INF
INF
11683
INF
INF
9309
INF
9356
INF
INF
INF
INF
INF
9356
INF
20992
INF
INF
INF
9309
INF
INF
649
INF
INF
INF
INF
INF
INF
12332
INF
INF
INF
INF
INF
INF
INF
INF
INF
11683
INF
9356
INF
INF
8755
INF
INF
20992
INF
INF
INF
8755
INF
11636
20992
INF
INF
INF
649
INF
INF
INF
9356
INF
INF
INF
INF
INF
20992
8755
INF
INF
649
INF
9356
11683
INF
INF
INF
INF
INF
INF
INF
INF
11683
INF
12332
9356
INF
INF
INF
INF
11636
INF
INF
INF
2976
20992
INF
2327
INF
2327
INF
9356
INF
INF
INF
INF
8755
INF
INF
INF
20992
INF
INF
INF
INF
11636
INF
INF
INF
11683
12332
INF
8755
2327
INF
INF
2976
11636
2327
INF
9356
INF
12332
INF
INF
INF
INF
INF
INF
9309
