7464
25262
52671
67321
84918
102217
139275
167794
184166
220244
243952
309856
322759
342170
380732
426010
