89403
108244
162083
181358
208940
318451
343696
358065
