27120
99475
111010
239855
315206
325302
399612
433290
470565
