6497
17785
37225
68279
118998
159269
180768
196063
240960
310942
340163
353971
393339
421325
438106
