23552
54070
74873
161442
225824
320519
331933
392228
442879
475155
