34890
58516
125035
142963
187026
260831
279575
403385
438940
