6421
23682
60533
83528
95919
130209
180859
223644
266290
276701
324016
337194
350179
361307
374669
388011
402779
422760
438274
448387
472943
