19964
53299
90277
112385
153278
168382
192874
205924
221579
281106
302162
341334
360427
393695
411725
438575
