44902
143323
167943
212177
238663
253791
311625
374624
408152
439274
