23378
34009
46085
65075
77657
102529
173719
204224
226445
242744
252827
264957
290815
307700
336974
379665
389833
408876
448483
471298
