10457
39949
55635
75789
104216
120348
169408
203157
214263
252097
272518
285813
298177
308622
374465
391479
408867
455751
470710
