4048
24404
56100
76526
99256
114170
135194
180878
209830
224707
246281
274409
295281
339010
367417
427439
455267
