336 796 137 145 287 107 864 175 155 127 724 376 492 284 88 519
126 558 136 433 590 170 180 550 316 90 588 254 331
675 677 954
152 669 505
976 484 996 17 201 490 321 757 122 974 392 272 395 235
