18 59 203 191 44 129 127 162
193 168 120 604 262 98 240 182 44 178 116 100 84 208 385 606 252
41 191 207 336 197 283 12 132 102 175 292 238 322 15
193 67 81 11 65 255 253 61 71 67 15 33 95
371 450 346 258 372 206 368 237 24 644 296 236
