135 303 258 341 381 356 348 373 497 153 303 347 390 157
188 147 129 104 124 135 196 133 114 146 62 124 228 162 160
56 68 528 118 43 148 259 347 543 649 97 634 60 375 46 451 828 182 838 268
76 72 96 122 12 88 104 102 46 80 90 82 110 54 80 98
103 22 112 22 50 263 61 74 29 27 46 109 14 80 69 116 64 53 22 87
