1508
1030
1189
1177
938
1070
1347
1281
969
877
1396
1017
1229
1276
666
1168
1068
902
1167
1519
1224
1223
1288
1122
1054
1053
1473
931
604
1270
1140
842
1324
1181
673
996
1285
1185
1270
880
1022
1484
820
1037
1208
786
1200
1032
1058
861
1046
1218
1190
1037
1469
1184
1158
1152
1381
1132
512
1225
1205
1441
1624
1112
980
1178
926
1095
1194
1147
1844
963
795
1158
918
1160
1063
1205
1155
1429
1128
1208
763
1332
1138
1083
715
1388
872
938
921
1301
997
1366
1215
1226
862
1221
1164
1146
1056
1069
822
760
975
1567
1473
1129
1057
0
1339
900
1255
1024
886
1185
1152
1264
999
955
1320
979
1309
1127
1367
874
1293
1152
1157
1149
1165
1139
1118
2060
1306
745
982
1208
1150
938
1250
1171
1396
1374
776
1268
1269
827
1502
1201
956
1098
1013
1430
1167
1404
1193
1213
1451
1050
1157
1026
1184
1117
1023
1034
1179
1277
990
1069
991
