449
1522
1346
1513
1485
1650
3357
1201
238
2509
2116
1690
890
2405
2571
2342
1708
2728
2316
354
1700
2850
1811
212
2769
977
2219
2783
490
397
1774
2166
1727
2051
711
2459
2354
3317
0
2480
1158
921
2618
3702
1985
876
1092
1839
4665
1620
1653
1622
2538
2199
1762
2004
1002
2248
4575
2024
3984
2050
1607
1812
1704
