1176
1201
1123
1498
2320
1278
1305
1430
207
400
160
1491
1642
858
2018
2172
1813
1294
1035
1397
3282
108
1614
1037
1357
1537
1508
1316
1039
1892
684
2361
1164
1556
1155
1347
2010
0
909
1314
621
578
2528
1110
1052
575
1103
480
519
1265
1330
1357
1786
940
