1387006 13529136 19962687 20653889 22964870 61926261 68242547 87425243 89453239 96321166 97416748 102715241 123373321 189188535 200008110 200548343 215990441 219085843 229118125 229941122 258668370 298419420 306832972 318712177 368345777 377665524 413234222 430291404 431045101 447504964 463020504 498209279 518449487 521285805 528554314 529213711 543082234 546078275 547975748 553891698 564728237 568711277 571910661 572685442 575037420 585134836 585936614 595943309 621463897 626803429 628210901 631820803 643669394 710482923 711374093 734400246 741829965 744764271 763348329 780512622 843502997 843648311 872179513 884238645 888635433 893913431 901281562 904382193 913613324 914403172 943974743 975177903 986106314 988188747 993219838 999698901
